br/com/livelo/orderflight/domain/dtos/repository/OrderProcess$OrderProcessBuilder.class
br/com/livelo/orderflight/domain/dtos/update/TrackingDTO$TrackingDTOBuilder.class
br/com/livelo/orderflight/service/confirmation/impl/ConfirmationServiceImpl.class
br/com/livelo/orderflight/domain/dto/reservation/request/PartnerReservationRequest$PartnerReservationRequestBuilder.class
br/com/livelo/orderflight/domain/dtos/confirmation/response/ConfirmationOrderCancaletionRulesResponse$ConfirmationOrderCancaletionRulesResponseBuilder.class
br/com/livelo/orderflight/constants/ErrorCategoryConstants.class
br/com/livelo/orderflight/mappers/OrderProcessMapperImpl.class
br/com/livelo/orderflight/domain/dtos/pricing/request/PricingCalculateAirline$PricingCalculateAirlineBuilder.class
br/com/livelo/orderflight/exception/ConnectorReservationInternalException.class
br/com/livelo/orderflight/domain/entity/PaxEntity$PaxEntityBuilderImpl.class
br/com/livelo/orderflight/domain/dtos/confirmation/request/ConfirmOrderPriceRequest$ConfirmOrderPriceRequestBuilder.class
br/com/livelo/orderflight/domain/entity/PriceModalityEntity.class
br/com/livelo/orderflight/mappers/ReservationItemPriceMapper.class
br/com/livelo/orderflight/domain/dtos/pricing/response/PricingCalculatePricesDescription$PricingCalculatePricesDescriptionBuilder.class
br/com/livelo/orderflight/domain/dtos/update/FlightSummaryDTO.class
br/com/livelo/orderflight/domain/dtos/connector/request/ConnectorConfirmOrderRequest.class
br/com/livelo/orderflight/domain/entity/OrderItemEntity$OrderItemEntityBuilder.class
br/com/livelo/orderflight/utils/LogUtils.class
br/com/livelo/orderflight/mappers/ReservationLuggagesMapperImpl.class
br/com/livelo/orderflight/domain/dtos/shipment/ShipmentsDTO.class
br/com/livelo/orderflight/constants/SkuConstant.class
br/com/livelo/orderflight/domain/dto/reservation/response/PartnerReservationLuggage.class
br/com/livelo/orderflight/service/payment/PaymentService.class
br/com/livelo/orderflight/proxies/PricingProxy.class
br/com/livelo/orderflight/domain/dtos/pricing/response/PricingCalculatePrice$PricingCalculatePriceBuilder.class
br/com/livelo/orderflight/domain/dtos/payment/response/PaymentOptionDTO.class
br/com/livelo/orderflight/controller/PaymentController.class
br/com/livelo/orderflight/domain/dto/reservation/response/ReservationResponseOrderStatus.class
br/com/livelo/orderflight/domain/dtos/update/ValidatingAirlineDTO$ValidatingAirlineDTOBuilder.class
br/com/livelo/orderflight/domain/entity/OrderEntity$OrderEntityBuilderImpl.class
br/com/livelo/orderflight/mappers/ReservationSegmentsMapperImpl.class
br/com/livelo/orderflight/service/shipment/impl/ShipmentServiceImpl.class
br/com/livelo/orderflight/domain/dtos/confirmation/response/ConfirmOrderItemResponse.class
br/com/livelo/orderflight/domain/dtos/confirmation/response/ConfirmationOrderPaxResponse.class
br/com/livelo/orderflight/constants/MessagesConstants.class
br/com/livelo/orderflight/domain/dtos/shipment/CommerceItem.class
br/com/livelo/orderflight/utils/PayloadComparison.class
br/com/livelo/orderflight/domain/dto/reservation/response/PartnerReservationFlightLegAirline$PartnerReservationFlightLegAirlineBuilder.class
br/com/livelo/orderflight/domain/dto/reservation/response/PartnerReservationSegment.class
br/com/livelo/orderflight/utils/StringPrefixedSequenceIdGenerator.class
br/com/livelo/orderflight/domain/dto/reservation/response/PartnerReservationAirline$PartnerReservationAirlineBuilder.class
br/com/livelo/orderflight/domain/dtos/update/LegSummaryDTO$LegSummaryDTOBuilder.class
br/com/livelo/orderflight/domain/dtos/confirmation/response/ConfirmationOrderChangeRulesResponse$ConfirmationOrderChangeRulesResponseBuilder.class
br/com/livelo/orderflight/domain/dto/reservation/response/ReservationResponseCancellationRule.class
br/com/livelo/orderflight/domain/dtos/pricing/request/PricingCalculateChangeRule$PricingCalculateChangeRuleBuilder.class
br/com/livelo/orderflight/domain/dtos/pricing/request/PricingCalculateOperatedBy.class
br/com/livelo/orderflight/client/PartnerConnectorClient.class
br/com/livelo/orderflight/controller/InstallmentController.class
br/com/livelo/orderflight/constants/PaymentOptionConstant.class
br/com/livelo/orderflight/controller/ReservationController.class
br/com/livelo/orderflight/domain/dto/reservation/request/PartnerReservationRequest.class
br/com/livelo/orderflight/service/order/impl/OrderServiceImpl.class
br/com/livelo/orderflight/domain/dtos/connector/response/ConnectorConfirmOrderStatusResponse$ConnectorConfirmOrderStatusResponseBuilder.class
br/com/livelo/orderflight/domain/dtos/shipment/CommerceItem$CommerceItemBuilder.class
br/com/livelo/orderflight/domain/dtos/confirmation/response/ConfirmationOrderFlightsLegsResponse$ConfirmationOrderFlightsLegsResponseBuilder.class
br/com/livelo/orderflight/domain/dtos/installment/InstallmentDTO$InstallmentDTOBuilder.class
br/com/livelo/orderflight/domain/dtos/pricing/request/PricingCalculatePricesDescription.class
br/com/livelo/orderflight/domain/dtos/update/TravelSummaryDTO$TravelSummaryDTOBuilder.class
br/com/livelo/orderflight/domain/dtos/update/ArrivalDTO$ArrivalDTOBuilder.class
br/com/livelo/orderflight/utils/OrderItemUtils.class
br/com/livelo/orderflight/controller/InternalOrdersController.class
br/com/livelo/orderflight/domain/dtos/pricing/response/PricingCalculatePricesDescription.class
br/com/livelo/orderflight/domain/entity/OrderPriceDescriptionEntity$OrderPriceDescriptionEntityBuilder.class
br/com/livelo/orderflight/domain/dtos/pricing/request/PricingCalculateItem$PricingCalculateItemBuilder.class
br/com/livelo/orderflight/domain/dtos/confirmation/response/ConfirmationOrderLuggagesResponse.class
br/com/livelo/orderflight/domain/dtos/update/DepartureArrivalSummaryDTO$DepartureArrivalSummaryDTOBuilder.class
br/com/livelo/orderflight/mappers/ReservationChangeRulesMapper.class
br/com/livelo/orderflight/service/payment/impl/PaymentServiceImpl.class
br/com/livelo/orderflight/mappers/ReservationPriceMapperImpl.class
br/com/livelo/orderflight/listener/GetVoucherListener.class
br/com/livelo/orderflight/domain/dtos/update/StatusDTO.class
br/com/livelo/orderflight/constants/PaymentOptionConstant$PaymentOptionConstantBuilder.class
br/com/livelo/orderflight/domain/dtos/pricing/request/PricingCalculateTravelInfo.class
br/com/livelo/orderflight/domain/dto/reservation/request/ReservationPax$ReservationPaxBuilder.class
br/com/livelo/orderflight/domain/dtos/pricing/response/PricingCalculateResponse$PricingCalculateResponseBuilder.class
br/com/livelo/orderflight/domain/dto/reservation/response/PartnerReservationCancellationRule$PartnerReservationCancellationRuleBuilder.class
br/com/livelo/orderflight/domain/entity/PaxEntity.class
br/com/livelo/orderflight/domain/dtos/update/CancellationPolicyDTO.class
br/com/livelo/orderflight/domain/dtos/connector/response/ConnectorConfirmOrderStatusResponse.class
br/com/livelo/orderflight/constants/InstallmentOptionConstant$InstallmentOptionConstantBuilder.class
br/com/livelo/orderflight/domain/dtos/update/Phone$PhoneBuilder.class
br/com/livelo/orderflight/domain/dtos/pricing/request/PricingCalculateManagedBy.class
br/com/livelo/orderflight/mappers/ReservationCancellationRulesMapperImpl.class
br/com/livelo/orderflight/controller/SkuController.class
br/com/livelo/orderflight/mappers/OrderProcessMapper.class
br/com/livelo/orderflight/domain/dtos/confirmation/response/ConfirmationOrderSegmentsResponse$ConfirmationOrderSegmentsResponseBuilder.class
br/com/livelo/orderflight/domain/dto/reservation/response/PartnerReservationChangeRule$PartnerReservationChangeRuleBuilder.class
br/com/livelo/orderflight/domain/dtos/update/ArrivalDTO.class
br/com/livelo/orderflight/domain/dtos/update/ItemDTO.class
br/com/livelo/orderflight/exception/enuns/OrderFlightErrorType.class
br/com/livelo/orderflight/mappers/ReservationStatusMapperImpl.class
br/com/livelo/orderflight/listener/GetConfirmationListener.class
br/com/livelo/orderflight/mappers/ReservationItemPriceMapperImpl.class
br/com/livelo/orderflight/domain/entity/BaseEntity.class
br/com/livelo/orderflight/domain/dtos/connector/request/ConnectorConfirmOrderRequest$ConnectorConfirmOrderRequestBuilder.class
br/com/livelo/orderflight/domain/dto/reservation/response/ReservationResponseItem.class
br/com/livelo/orderflight/domain/dtos/pricing/request/PricingCalculatePrice$PricingCalculatePriceBuilder.class
br/com/livelo/orderflight/domain/dto/reservation/request/PartnerReservationPax$PartnerReservationPaxBuilder.class
br/com/livelo/orderflight/constants/HeadersConstants.class
br/com/livelo/orderflight/utils/UpdateStatusValidate.class
br/com/livelo/orderflight/domain/entity/SegmentEntity$SegmentEntityBuilder.class
br/com/livelo/orderflight/mappers/ReservationSegmentsMapper.class
br/com/livelo/orderflight/service/shipment/ShipmentService.class
br/com/livelo/orderflight/mappers/ReservationStatusMapper.class
br/com/livelo/orderflight/service/reservation/impl/ReservationServiceImpl.class
br/com/livelo/orderflight/domain/dto/reservation/request/ReservationItem$ReservationItemBuilder.class
br/com/livelo/orderflight/domain/dto/reservation/response/PartnerReservationTravelInfo.class
br/com/livelo/orderflight/mappers/ReservationFlightLegMapper.class
br/com/livelo/orderflight/domain/dtos/confirmation/request/ConfirmOrderRequest.class
br/com/livelo/orderflight/domain/dtos/pricing/response/PricingCalculateFlight$PricingCalculateFlightBuilder.class
br/com/livelo/orderflight/domain/dtos/confirmation/response/ConfirmOrderResponse.class
br/com/livelo/orderflight/exception/ErrorResponse.class
br/com/livelo/orderflight/domain/dto/reservation/request/ReservationRequest.class
br/com/livelo/orderflight/domain/dtos/pricing/request/PricingCalculateFlight.class
br/com/livelo/orderflight/domain/entity/DocumentEntity$DocumentEntityBuilderImpl.class
br/com/livelo/orderflight/domain/entity/CancellationRuleEntity.class
br/com/livelo/orderflight/domain/dto/reservation/request/PartnerReservationDocument.class
br/com/livelo/orderflight/domain/dtos/pricing/request/PricingCalculateCancellationRule$PricingCalculateCancellationRuleBuilder.class
br/com/livelo/orderflight/domain/dtos/update/ZoneDTO.class
br/com/livelo/orderflight/domain/dtos/pricing/request/PricingCalculateLuggage.class
br/com/livelo/orderflight/service/completed/impl/CompletedServiceImpl.class
br/com/livelo/orderflight/domain/dtos/headers/RequiredHeaders.class
br/com/livelo/orderflight/domain/dtos/update/CityDTO$CityDTOBuilder.class
br/com/livelo/orderflight/proxies/ConnectorPartnersProxy.class
br/com/livelo/orderflight/domain/dto/reservation/response/PartnerReservationChangeRule.class
br/com/livelo/orderflight/domain/dtos/confirmation/response/ConfirmationOrderDocumentResponse$ConfirmationOrderDocumentResponseBuilder.class
br/com/livelo/orderflight/domain/dtos/pricing/request/PricingCalculateFlight$PricingCalculateFlightBuilder.class
br/com/livelo/orderflight/domain/dto/reservation/response/ReservationResponsePriceModality.class
br/com/livelo/orderflight/domain/dtos/payment/response/PaymentOptionDTO$PaymentOptionDTOBuilder.class
br/com/livelo/orderflight/domain/dto/reservation/request/ReservationItem.class
br/com/livelo/orderflight/domain/dtos/update/UpdateOrderDTO.class
br/com/livelo/orderflight/domain/dtos/shipment/ShipmentOptionsResponse.class
br/com/livelo/orderflight/domain/dtos/confirmation/response/ConfirmationOrderTravelInfoResponse$ConfirmationOrderTravelInfoResponseBuilder.class
br/com/livelo/orderflight/client/LiveloPartnersClient.class
br/com/livelo/orderflight/domain/dto/reservation/response/PartnerReservationResponse.class
br/com/livelo/orderflight/domain/dto/reservation/response/ReservationResponsePriceDescription.class
br/com/livelo/orderflight/mappers/ReservationItemMapperImpl.class
br/com/livelo/orderflight/service/reservation/ReservationService.class
br/com/livelo/orderflight/domain/dtos/update/ServiceDTO.class
br/com/livelo/orderflight/utils/MessageUtils.class
br/com/livelo/orderflight/domain/entity/TravelInfoEntity.class
br/com/livelo/orderflight/domain/dtos/pricing/request/PricingCalculateCancellationRule.class
br/com/livelo/orderflight/domain/dtos/pricing/request/PricingCalculateSegment$PricingCalculateSegmentBuilder.class
br/com/livelo/orderflight/service/installment/impl/InstallmentServiceImpl.class
br/com/livelo/orderflight/domain/entity/OrderItemEntity.class
br/com/livelo/orderflight/domain/dtos/pricing/request/PricingCalculateFlightsLeg$PricingCalculateFlightsLegBuilder.class
br/com/livelo/orderflight/mappers/ReservationCancellationRulesMapper.class
br/com/livelo/orderflight/domain/dtos/update/ZoneDTO$ZoneDTOBuilder.class
br/com/livelo/orderflight/domain/entity/OrderPriceEntity$OrderPriceEntityBuilder.class
br/com/livelo/orderflight/domain/dto/reservation/response/PartnerReservationOrdersPriceDescriptionFlight$PartnerReservationOrdersPriceDescriptionFlightBuilder.class
br/com/livelo/orderflight/domain/dto/reservation/response/ReservationResponse.class
br/com/livelo/orderflight/domain/dto/reservation/response/PartnerReservationOrdersPriceDescription.class
br/com/livelo/orderflight/interceptors/HttpRequestInterceptor.class
br/com/livelo/orderflight/mappers/ReservationMapperImpl.class
br/com/livelo/orderflight/domain/dto/reservation/response/PartnerReservationOrdersPriceDescriptionTaxes$PartnerReservationOrdersPriceDescriptionTaxesBuilder.class
br/com/livelo/orderflight/domain/dtos/sku/SkuItemResponse.class
br/com/livelo/orderflight/domain/dtos/confirmation/response/ConfirmationOrderChangeRulesResponse.class
br/com/livelo/orderflight/domain/dtos/installment/InstallmentDTO.class
br/com/livelo/orderflight/controller/OrderStatusController.class
br/com/livelo/orderflight/domain/dtos/update/ItemDTO$ItemDTOBuilder.class
br/com/livelo/orderflight/domain/entity/OrderStatusHistoryEntity.class
br/com/livelo/orderflight/domain/dto/reservation/response/PartnerReservationSegment$PartnerReservationSegmentBuilder.class
br/com/livelo/orderflight/domain/dtos/update/UpdateOrderDTO$UpdateOrderDTOBuilder.class
br/com/livelo/orderflight/domain/entity/TravelInfoEntity$TravelInfoEntityBuilder.class
br/com/livelo/orderflight/domain/dtos/update/FlightSummaryDTO$FlightSummaryDTOBuilder.class
br/com/livelo/orderflight/service/confirmation/ConfirmationService.class
br/com/livelo/orderflight/domain/dtos/update/TrackingDTO.class
br/com/livelo/orderflight/domain/entity/BaseEntity$BaseEntityBuilder.class
br/com/livelo/orderflight/mappers/ConfirmOrderMapper.class
br/com/livelo/orderflight/domain/entity/ProcessCounterEntity$ProcessCounterEntityBuilder.class
br/com/livelo/orderflight/domain/dtos/pricing/request/PricingCalculateTaxes$PricingCalculateTaxesBuilder.class
br/com/livelo/orderflight/domain/dtos/pricing/request/PricingCalculateChangeRule.class
br/com/livelo/orderflight/domain/entity/PriceModalityEntity$PriceModalityEntityBuilder.class
br/com/livelo/orderflight/domain/dtos/status/request/UpdateStatusRequest.class
br/com/livelo/orderflight/domain/dtos/pricing/response/PricingCalculateTaxes.class
br/com/livelo/orderflight/domain/dto/reservation/response/PartnerReservationResponse$PartnerReservationResponseBuilder.class
br/com/livelo/orderflight/domain/dtos/status/request/UpdateStatusItemDTO.class
br/com/livelo/orderflight/domain/dto/reservation/response/PartnerReservationOrdersPriceDescription$PartnerReservationOrdersPriceDescriptionBuilder.class
br/com/livelo/orderflight/domain/dtos/update/CustomerDTO.class
br/com/livelo/orderflight/domain/dtos/update/ServiceDTO$ServiceDTOBuilder.class
br/com/livelo/orderflight/domain/dto/reservation/request/ReservationDocument.class
br/com/livelo/orderflight/domain/dtos/update/GlobalDistribuitionSystemDTO$GlobalDistribuitionSystemDTOBuilder.class
br/com/livelo/orderflight/domain/dtos/confirmation/request/ConfirmOrderItemRequest.class
br/com/livelo/orderflight/domain/dtos/connector/response/ConnectorReservationResponse.class
br/com/livelo/orderflight/domain/entity/OrderItemPriceEntity$OrderItemPriceEntityBuilder.class
br/com/livelo/orderflight/domain/dto/reservation/response/ReservationResponseFlightLeg.class
br/com/livelo/orderflight/exception/OrderFlightException.class
br/com/livelo/orderflight/domain/dtos/update/CountryDTO.class
br/com/livelo/orderflight/domain/dtos/pricing/response/PricingCalculateFlight.class
br/com/livelo/orderflight/domain/dtos/pricing/request/PricingCalculateManagedBy$PricingCalculateManagedByBuilder.class
br/com/livelo/orderflight/domain/dtos/sku/SkuItemResponse$SkuItemResponseBuilder.class
br/com/livelo/orderflight/domain/entity/ProcessCounterEntity.class
br/com/livelo/orderflight/service/order/OrderService.class
br/com/livelo/orderflight/domain/dtos/confirmation/response/ConfirmationOrderTravelInfoResponse.class
br/com/livelo/orderflight/mappers/LiveloPartnersMapperImpl.class
br/com/livelo/orderflight/domain/dto/reservation/request/PartnerReservationItem$PartnerReservationItemBuilder.class
br/com/livelo/orderflight/config/GetVoucherMQConfig.class
br/com/livelo/orderflight/domain/dtos/repository/OrderProcess.class
br/com/livelo/orderflight/domain/dtos/confirmation/response/ConfirmOrderResponse$ConfirmOrderResponseBuilder.class
br/com/livelo/orderflight/mappers/LiveloPartnersMapper.class
br/com/livelo/orderflight/repository/OrderRepository.class
br/com/livelo/orderflight/utils/ConfirmOrderValidation.class
br/com/livelo/orderflight/domain/dto/reservation/request/PartnerReservationPax.class
br/com/livelo/orderflight/domain/dtos/connector/request/ConnectorConfirmOrderPaxRequest.class
br/com/livelo/orderflight/domain/entity/LuggageEntity$LuggageEntityBuilder.class
br/com/livelo/orderflight/domain/dtos/update/ItemDocumentDTO$ItemDocumentDTOBuilder.class
br/com/livelo/orderflight/service/sku/impl/SkuServiceImpl.class
br/com/livelo/orderflight/domain/entity/ChangeRuleEntity$ChangeRuleEntityBuilder.class
br/com/livelo/orderflight/domain/dtos/connector/response/ConnectorConfirmOrderResponse.class
br/com/livelo/orderflight/domain/dtos/connector/response/ConnectorReservationStatus.class
br/com/livelo/orderflight/mappers/ReservationFlightLegMapperImpl.class
br/com/livelo/orderflight/domain/dtos/confirmation/response/ConfirmOrderStatusResponse.class
br/com/livelo/orderflight/domain/dtos/connector/response/ConnectorReservationResponse$ConnectorReservationResponseBuilder.class
br/com/livelo/orderflight/domain/dto/reservation/response/PartnerReservationOrdersPriceDescriptionTaxes.class
br/com/livelo/orderflight/domain/dtos/update/CancellationPolicyDTO$CancellationPolicyDTOBuilder.class
br/com/livelo/orderflight/domain/dtos/confirmation/response/ConfirmationOrderPaxResponse$ConfirmationOrderPaxResponseBuilder.class
br/com/livelo/orderflight/domain/dto/reservation/response/PartnerReservationTravelInfo$PartnerReservationTravelInfoBuilder.class
br/com/livelo/orderflight/domain/dto/reservation/request/PartnerReservationDocument$PartnerReservationDocumentBuilder.class
br/com/livelo/orderflight/service/installment/InstallmentService.class
br/com/livelo/orderflight/constants/InstallmentOptionConstant.class
br/com/livelo/orderflight/domain/dto/reservation/response/ReservationResponseChangeRule.class
br/com/livelo/orderflight/domain/dtos/pricing/request/PricingCalculatePricesDescription$PricingCalculatePricesDescriptionBuilder.class
br/com/livelo/orderflight/domain/dto/reservation/response/ReservationResponseLuggage.class
br/com/livelo/orderflight/domain/dtos/connector/response/ConnectorConfirmOrderResponse$ConnectorConfirmOrderResponseBuilder.class
br/com/livelo/orderflight/service/completed/CompletedService.class
br/com/livelo/orderflight/domain/dtos/update/TourDTO$TourDTOBuilder.class
br/com/livelo/orderflight/mappers/ReservationTravelInfoEntityMapper.class
br/com/livelo/orderflight/client/PricingClient.class
br/com/livelo/orderflight/domain/dtos/repository/PaginationOrderProcessResponse$PaginationOrderProcessResponseBuilder.class
br/com/livelo/orderflight/domain/dtos/update/DepartureDTO.class
br/com/livelo/orderflight/domain/entity/SegmentEntity.class
br/com/livelo/orderflight/domain/dtos/confirmation/response/ConfirmationOrderDocumentResponse.class
br/com/livelo/orderflight/controller/OrderProcessController.class
br/com/livelo/orderflight/enuns/StatusLivelo.class
br/com/livelo/orderflight/domain/dtos/shipment/ShipmentsDTO$ShipmentsDTOBuilder.class
br/com/livelo/orderflight/config/WebConfig.class
br/com/livelo/orderflight/domain/dtos/status/request/UpdateStatusRequest$UpdateStatusRequestBuilder.class
br/com/livelo/orderflight/mappers/ReservationOrderPriceDescriptionMapperImpl.class
br/com/livelo/orderflight/domain/dto/reservation/response/PartnerResponseStatus$PartnerResponseStatusBuilder.class
br/com/livelo/orderflight/mappers/ReservationOrderPriceDescriptionMapper.class
br/com/livelo/orderflight/domain/dtos/update/LegSummaryDTO.class
br/com/livelo/orderflight/constants/AppConstants.class
br/com/livelo/orderflight/domain/dtos/pricing/response/PricingCalculateResponse.class
br/com/livelo/orderflight/domain/dtos/pricing/request/PricingCalculateTaxes.class
br/com/livelo/orderflight/domain/entity/CancellationRuleEntity$CancellationRuleEntityBuilder.class
br/com/livelo/orderflight/repository/ItemRepository.class
br/com/livelo/orderflight/domain/dtos/payment/response/PaymentOptionResponse.class
br/com/livelo/orderflight/domain/dtos/pricing/request/PricingCalculateLuggage$PricingCalculateLuggageBuilder.class
br/com/livelo/orderflight/domain/dtos/update/DeliveryDTO$DeliveryDTOBuilder.class
br/com/livelo/orderflight/config/GetConfirmationMQConfig.class
br/com/livelo/orderflight/mappers/ReservationItemMapper.class
br/com/livelo/orderflight/domain/dtos/update/CityDTO.class
br/com/livelo/orderflight/domain/dtos/headers/RequiredHeaders$RequiredHeadersBuilder.class
br/com/livelo/orderflight/domain/dtos/confirmation/response/ConfirmationOrderSegmentsResponse.class
br/com/livelo/orderflight/proxies/LiveloPartnersProxy.class
br/com/livelo/orderflight/domain/dtos/pricing/request/PricingCalculateItem.class
br/com/livelo/orderflight/domain/entity/OrderPriceDescriptionEntity.class
br/com/livelo/orderflight/domain/dtos/update/OriginDTO$OriginDTOBuilder.class
br/com/livelo/orderflight/domain/dtos/status/request/UpdateStatusDTO$UpdateStatusDTOBuilder.class
br/com/livelo/orderflight/controller/ConfirmationController.class
br/com/livelo/orderflight/domain/dtos/update/DestinationDTO.class
br/com/livelo/orderflight/domain/dto/reservation/request/PartnerReservationItem.class
br/com/livelo/orderflight/domain/dtos/update/OriginDTO.class
br/com/livelo/orderflight/constants/DynatraceConstants.class
br/com/livelo/orderflight/domain/dtos/confirmation/response/ConfirmOrderItemResponse$ConfirmOrderItemResponseBuilder.class
br/com/livelo/orderflight/domain/dtos/shipment/PackagesDTO.class
br/com/livelo/orderflight/constants/ShipmentOptionConstant.class
br/com/livelo/orderflight/mappers/PricingCalculateRequestMapperImpl.class
br/com/livelo/orderflight/mappers/ReservationChangeRulesMapperImpl.class
br/com/livelo/orderflight/enuns/CountStatusLivelo.class
br/com/livelo/orderflight/domain/entity/OrderCurrentStatusEntity$OrderCurrentStatusEntityBuilder.class
br/com/livelo/orderflight/domain/dtos/pricing/request/PricingCalculateFlightsLeg.class
br/com/livelo/orderflight/domain/dto/reservation/response/PartnerReservationFlightLegAirline.class
br/com/livelo/orderflight/domain/entity/OrderEntity.class
br/com/livelo/orderflight/domain/dto/reservation/response/PartnerReservationLuggage$PartnerReservationLuggageBuilder.class
br/com/livelo/orderflight/domain/dtos/update/Phone.class
br/com/livelo/orderflight/mappers/ReservationOrderPriceDescriptionTaxesMapperImpl.class
br/com/livelo/orderflight/domain/dto/reservation/response/ReservationResponsePrice.class
br/com/livelo/orderflight/domain/dtos/confirmation/response/ConfirmationOrderLuggagesResponse$ConfirmationOrderLuggagesResponseBuilder.class
br/com/livelo/orderflight/domain/dtos/repository/PaginationOrderProcessResponse.class
br/com/livelo/orderflight/service/status/impl/StatusServiceImpl.class
br/com/livelo/orderflight/domain/dto/reservation/response/ReservationResponseDocument.class
br/com/livelo/orderflight/domain/dtos/payment/response/PaymentOptionResponse$PaymentOptionResponseBuilder.class
br/com/livelo/orderflight/domain/dtos/pricing/request/PricingCalculateAirline.class
br/com/livelo/orderflight/domain/entity/ChangeRuleEntity.class
br/com/livelo/orderflight/domain/dtos/pricing/request/PricingCalculateRequest.class
br/com/livelo/orderflight/domain/dtos/update/BaggageDTO$BaggageDTOBuilder.class
br/com/livelo/orderflight/domain/dto/reservation/response/PartnerReservationItem$PartnerReservationItemBuilder.class
br/com/livelo/orderflight/domain/dto/reservation/response/ReservationResponseSegment.class
br/com/livelo/orderflight/domain/dtos/pricing/request/PricingCalculateSegment.class
br/com/livelo/orderflight/domain/dtos/update/TravelSummaryDTO.class
br/com/livelo/orderflight/constants/SkuConstant$SkuConstantBuilder.class
br/com/livelo/orderflight/domain/dto/reservation/response/PartnerReservationFlightsLeg.class
br/com/livelo/orderflight/service/voucher/VoucherService.class
br/com/livelo/orderflight/mappers/ReservationOrderPriceDescriptionTaxesMapper.class
br/com/livelo/orderflight/domain/dtos/connector/response/ConnectorReservationStatus$ConnectorReservationStatusBuilder.class
br/com/livelo/orderflight/domain/dtos/connector/request/ConnectorConfirmOrderPaxRequest$ConnectorConfirmOrderPaxRequestBuilder.class
br/com/livelo/orderflight/domain/dtos/installment/InstallmentOptionsResponse.class
br/com/livelo/orderflight/domain/entity/OrderStatusHistoryEntity$OrderStatusHistoryEntityBuilder.class
br/com/livelo/orderflight/mappers/ReservationTravelInfoEntityMapperImpl.class
br/com/livelo/orderflight/domain/dtos/pricing/response/PricingCalculateTaxes$PricingCalculateTaxesBuilder.class
br/com/livelo/orderflight/domain/dtos/update/GlobalDistribuitionSystemDTO.class
br/com/livelo/orderflight/domain/dtos/confirmation/request/ConfirmOrderRequest$ConfirmOrderRequestBuilder.class
br/com/livelo/orderflight/mappers/ReservationLuggagesMapper.class
br/com/livelo/orderflight/domain/dtos/status/request/UpdateStatusDTO.class
br/com/livelo/orderflight/mappers/StatusMapper.class
br/com/livelo/orderflight/listener/GetCompletedListener.class
br/com/livelo/orderflight/domain/dto/reservation/response/PartnerResponseStatus.class
br/com/livelo/orderflight/domain/dtos/update/DeliveryDTO.class
br/com/livelo/orderflight/domain/dto/reservation/request/ReservationPax.class
br/com/livelo/orderflight/domain/entity/OrderPriceEntity.class
br/com/livelo/orderflight/domain/dtos/status/request/UpdateStatusItemDTO$UpdateStatusItemDTOBuilder.class
br/com/livelo/orderflight/OrderFlightApplication.class
br/com/livelo/orderflight/service/sku/SkuService.class
br/com/livelo/orderflight/domain/entity/ChangeRuleEntity$ChangeRuleEntityBuilderImpl.class
br/com/livelo/orderflight/domain/dtos/confirmation/response/ConfirmOrderPriceResponse.class
br/com/livelo/orderflight/domain/entity/LuggageEntity.class
br/com/livelo/orderflight/domain/dtos/shipment/PackagesDTO$PackagesDTOBuilder.class
br/com/livelo/orderflight/domain/dtos/pricing/request/PricingCalculateTravelInfo$PricingCalculateTravelInfoBuilder.class
br/com/livelo/orderflight/domain/dto/reservation/request/ReservationDocument$ReservationDocumentBuilder.class
br/com/livelo/orderflight/domain/dtos/confirmation/response/ConfirmationOrderFlightsLegsResponse.class
br/com/livelo/orderflight/service/voucher/impl/VoucherServiceImpl.class
br/com/livelo/orderflight/domain/dtos/pricing/response/PricingCalculatePrice.class
br/com/livelo/orderflight/mappers/ReservationPriceMapper.class
br/com/livelo/orderflight/domain/dtos/update/DepartureDTO$DepartureDTOBuilder.class
br/com/livelo/orderflight/service/status/StatusService.class
br/com/livelo/orderflight/domain/dtos/pricing/request/PricingCalculateOperatedBy$PricingCalculateOperatedByBuilder.class
br/com/livelo/orderflight/enuns/Flow.class
br/com/livelo/orderflight/domain/dtos/update/StateDTO$StateDTOBuilder.class
br/com/livelo/orderflight/domain/dto/reservation/response/ReservationResponseOrderItemPrice.class
br/com/livelo/orderflight/domain/entity/FlightLegEntity.class
br/com/livelo/orderflight/mappers/ReservationMapper.class
br/com/livelo/orderflight/domain/dtos/update/PartnerInfoSummaryDTO$PartnerInfoSummaryDTOBuilder.class
br/com/livelo/orderflight/domain/dtos/update/ItemDocumentDTO.class
br/com/livelo/orderflight/domain/dto/reservation/response/ReservationResponseTravelInfo.class
br/com/livelo/orderflight/domain/dtos/confirmation/request/ConfirmOrderPriceRequest.class
br/com/livelo/orderflight/domain/dtos/confirmation/response/ConfirmOrderPriceResponse$ConfirmOrderPriceResponseBuilder.class
br/com/livelo/orderflight/domain/dtos/update/StatusDTO$StatusDTOBuilder.class
br/com/livelo/orderflight/domain/dtos/connector/request/ConnectorConfirmDocumentRequest.class
br/com/livelo/orderflight/exception/ConnectorReservationBusinessException.class
br/com/livelo/orderflight/domain/dtos/update/BaggageDTO.class
br/com/livelo/orderflight/domain/dtos/pricing/request/PricingCalculatePrice.class
br/com/livelo/orderflight/controller/ShipmentController.class
br/com/livelo/orderflight/domain/dtos/confirmation/response/ConfirmOrderStatusResponse$ConfirmOrderStatusResponseBuilder.class
br/com/livelo/orderflight/domain/dtos/update/TourDTO.class
br/com/livelo/orderflight/domain/entity/DocumentEntity$DocumentEntityBuilder.class
br/com/livelo/orderflight/domain/dto/reservation/response/PartnerReservationItem.class
br/com/livelo/orderflight/domain/entity/OrderEntity$OrderEntityBuilder.class
br/com/livelo/orderflight/domain/dtos/update/StateDTO.class
br/com/livelo/orderflight/domain/entity/DocumentEntity.class
br/com/livelo/orderflight/domain/dtos/update/ValidatingAirlineDTO.class
br/com/livelo/orderflight/mappers/ConfirmOrderMapperImpl.class
br/com/livelo/orderflight/domain/dtos/shipment/ShipmentOptionsResponse$ShipmentOptionsResponseBuilder.class
br/com/livelo/orderflight/domain/entity/PaxEntity$PaxEntityBuilder.class
br/com/livelo/orderflight/domain/dto/reservation/request/ReservationRequest$ReservationRequestBuilder.class
br/com/livelo/orderflight/domain/dto/reservation/response/PartnerReservationAirline.class
br/com/livelo/orderflight/domain/dtos/update/CustomerDTO$CustomerDTOBuilder.class
br/com/livelo/orderflight/domain/dtos/update/DocumentDTO$DocumentDTOBuilder.class
br/com/livelo/orderflight/domain/dtos/update/CountryDTO$CountryDTOBuilder.class
br/com/livelo/orderflight/domain/dtos/update/PartnerInfoSummaryDTO.class
br/com/livelo/orderflight/domain/dtos/confirmation/response/ConfirmationOrderCancaletionRulesResponse.class
br/com/livelo/orderflight/domain/entity/OrderItemPriceEntity.class
br/com/livelo/orderflight/domain/dto/reservation/response/ReservationResponsePax.class
br/com/livelo/orderflight/domain/dtos/confirmation/request/ConfirmOrderItemRequest$ConfirmOrderItemRequestBuilder.class
br/com/livelo/orderflight/domain/dto/reservation/response/PartnerReservationOrdersPriceDescriptionFlight.class
br/com/livelo/orderflight/mappers/StatusMapperImpl.class
br/com/livelo/orderflight/domain/dtos/update/DocumentDTO.class
br/com/livelo/orderflight/domain/dto/reservation/response/PartnerReservationFlightsLeg$PartnerReservationFlightsLegBuilder.class
br/com/livelo/orderflight/domain/entity/OrderCurrentStatusEntity.class
br/com/livelo/orderflight/domain/dtos/update/DepartureArrivalSummaryDTO.class
br/com/livelo/orderflight/domain/dto/reservation/response/PartnerReservationCancellationRule.class
br/com/livelo/orderflight/domain/dtos/update/DestinationDTO$DestinationDTOBuilder.class
br/com/livelo/orderflight/domain/dtos/connector/request/ConnectorConfirmDocumentRequest$ConnectorConfirmDocumentRequestBuilder.class
br/com/livelo/orderflight/mappers/PricingCalculateRequestMapper.class
br/com/livelo/orderflight/domain/dtos/installment/InstallmentOptionsResponse$InstallmentOptionsResponseBuilder.class
br/com/livelo/orderflight/domain/dtos/pricing/request/PricingCalculateRequest$PricingCalculateRequestBuilder.class
br/com/livelo/orderflight/exception/handler/RestExceptionHandler.class
br/com/livelo/orderflight/domain/entity/FlightLegEntity$FlightLegEntityBuilder.class
br/com/livelo/orderflight/constants/ShipmentOptionConstant$ShipmentOptionConstantBuilder.class
