/Users/mariomendonca/Desktop/dev/livelo/livelo_viagens/order-flight/src/main/java/br/com/livelo/orderflight/domain/dtos/update/TrackingDTO.java
/Users/mariomendonca/Desktop/dev/livelo/livelo_viagens/order-flight/src/main/java/br/com/livelo/orderflight/domain/dtos/connector/response/ConnectorReservationStatus.java
/Users/mariomendonca/Desktop/dev/livelo/livelo_viagens/order-flight/src/main/java/br/com/livelo/orderflight/domain/dtos/installment/InstallmentDTO.java
/Users/mariomendonca/Desktop/dev/livelo/livelo_viagens/order-flight/src/main/java/br/com/livelo/orderflight/exception/enuns/OrderFlightErrorType.java
/Users/mariomendonca/Desktop/dev/livelo/livelo_viagens/order-flight/src/main/java/br/com/livelo/orderflight/domain/dtos/update/ItemDTO.java
/Users/mariomendonca/Desktop/dev/livelo/livelo_viagens/order-flight/src/main/java/br/com/livelo/orderflight/domain/dtos/update/DepartureDTO.java
/Users/mariomendonca/Desktop/dev/livelo/livelo_viagens/order-flight/src/main/java/br/com/livelo/orderflight/constants/InstallmentOptionConstant.java
/Users/mariomendonca/Desktop/dev/livelo/livelo_viagens/order-flight/src/main/java/br/com/livelo/orderflight/service/sku/impl/SkuServiceImpl.java
/Users/mariomendonca/Desktop/dev/livelo/livelo_viagens/order-flight/src/main/java/br/com/livelo/orderflight/domain/dto/reservation/request/PartnerReservationDocument.java
/Users/mariomendonca/Desktop/dev/livelo/livelo_viagens/order-flight/src/main/java/br/com/livelo/orderflight/repository/OrderRepository.java
/Users/mariomendonca/Desktop/dev/livelo/livelo_viagens/order-flight/src/main/java/br/com/livelo/orderflight/constants/ShipmentOptionConstant.java
/Users/mariomendonca/Desktop/dev/livelo/livelo_viagens/order-flight/src/main/java/br/com/livelo/orderflight/utils/ConfirmOrderValidation.java
/Users/mariomendonca/Desktop/dev/livelo/livelo_viagens/order-flight/src/main/java/br/com/livelo/orderflight/domain/dto/reservation/response/ReservationResponsePriceDescription.java
/Users/mariomendonca/Desktop/dev/livelo/livelo_viagens/order-flight/src/main/java/br/com/livelo/orderflight/mappers/ReservationItemMapper.java
/Users/mariomendonca/Desktop/dev/livelo/livelo_viagens/order-flight/src/main/java/br/com/livelo/orderflight/domain/dto/reservation/response/ReservationResponseChangeRule.java
/Users/mariomendonca/Desktop/dev/livelo/livelo_viagens/order-flight/src/main/java/br/com/livelo/orderflight/config/WebConfig.java
/Users/mariomendonca/Desktop/dev/livelo/livelo_viagens/order-flight/src/main/java/br/com/livelo/orderflight/domain/dtos/pricing/request/PricingCalculateRequest.java
/Users/mariomendonca/Desktop/dev/livelo/livelo_viagens/order-flight/src/main/java/br/com/livelo/orderflight/domain/dto/reservation/response/ReservationResponseOrderItemPrice.java
/Users/mariomendonca/Desktop/dev/livelo/livelo_viagens/order-flight/src/main/java/br/com/livelo/orderflight/service/confirmation/impl/ConfirmationServiceImpl.java
/Users/mariomendonca/Desktop/dev/livelo/livelo_viagens/order-flight/src/main/java/br/com/livelo/orderflight/interceptors/HttpRequestInterceptor.java
/Users/mariomendonca/Desktop/dev/livelo/livelo_viagens/order-flight/src/main/java/br/com/livelo/orderflight/domain/dto/reservation/response/ReservationResponsePrice.java
/Users/mariomendonca/Desktop/dev/livelo/livelo_viagens/order-flight/src/main/java/br/com/livelo/orderflight/domain/entity/CancellationRuleEntity.java
/Users/mariomendonca/Desktop/dev/livelo/livelo_viagens/order-flight/src/main/java/br/com/livelo/orderflight/domain/dtos/status/request/UpdateStatusItemDTO.java
/Users/mariomendonca/Desktop/dev/livelo/livelo_viagens/order-flight/src/main/java/br/com/livelo/orderflight/domain/dto/reservation/response/ReservationResponseOrderStatus.java
/Users/mariomendonca/Desktop/dev/livelo/livelo_viagens/order-flight/src/main/java/br/com/livelo/orderflight/mappers/ReservationStatusMapper.java
/Users/mariomendonca/Desktop/dev/livelo/livelo_viagens/order-flight/src/main/java/br/com/livelo/orderflight/domain/dtos/pricing/response/PricingCalculateResponse.java
/Users/mariomendonca/Desktop/dev/livelo/livelo_viagens/order-flight/src/main/java/br/com/livelo/orderflight/mappers/OrderProcessMapper.java
/Users/mariomendonca/Desktop/dev/livelo/livelo_viagens/order-flight/src/main/java/br/com/livelo/orderflight/domain/dtos/update/BaggageDTO.java
/Users/mariomendonca/Desktop/dev/livelo/livelo_viagens/order-flight/src/main/java/br/com/livelo/orderflight/domain/dto/reservation/response/PartnerReservationOrdersPriceDescriptionFlight.java
/Users/mariomendonca/Desktop/dev/livelo/livelo_viagens/order-flight/src/main/java/br/com/livelo/orderflight/domain/dtos/pricing/request/PricingCalculateSegment.java
/Users/mariomendonca/Desktop/dev/livelo/livelo_viagens/order-flight/src/main/java/br/com/livelo/orderflight/domain/entity/TravelInfoEntity.java
/Users/mariomendonca/Desktop/dev/livelo/livelo_viagens/order-flight/src/main/java/br/com/livelo/orderflight/service/reservation/impl/ReservationServiceImpl.java
/Users/mariomendonca/Desktop/dev/livelo/livelo_viagens/order-flight/src/main/java/br/com/livelo/orderflight/exception/ConnectorReservationBusinessException.java
/Users/mariomendonca/Desktop/dev/livelo/livelo_viagens/order-flight/src/main/java/br/com/livelo/orderflight/proxies/ConnectorPartnersProxy.java
/Users/mariomendonca/Desktop/dev/livelo/livelo_viagens/order-flight/src/main/java/br/com/livelo/orderflight/domain/dtos/update/ValidatingAirlineDTO.java
/Users/mariomendonca/Desktop/dev/livelo/livelo_viagens/order-flight/src/main/java/br/com/livelo/orderflight/domain/dtos/update/CityDTO.java
/Users/mariomendonca/Desktop/dev/livelo/livelo_viagens/order-flight/src/main/java/br/com/livelo/orderflight/utils/UpdateStatusValidate.java
/Users/mariomendonca/Desktop/dev/livelo/livelo_viagens/order-flight/src/main/java/br/com/livelo/orderflight/domain/dtos/connector/response/ConnectorReservationResponse.java
/Users/mariomendonca/Desktop/dev/livelo/livelo_viagens/order-flight/src/main/java/br/com/livelo/orderflight/config/GetConfirmationMQConfig.java
/Users/mariomendonca/Desktop/dev/livelo/livelo_viagens/order-flight/src/main/java/br/com/livelo/orderflight/domain/entity/OrderEntity.java
/Users/mariomendonca/Desktop/dev/livelo/livelo_viagens/order-flight/src/main/java/br/com/livelo/orderflight/controller/ConfirmationController.java
/Users/mariomendonca/Desktop/dev/livelo/livelo_viagens/order-flight/src/main/java/br/com/livelo/orderflight/domain/dtos/pricing/request/PricingCalculateChangeRule.java
/Users/mariomendonca/Desktop/dev/livelo/livelo_viagens/order-flight/src/main/java/br/com/livelo/orderflight/exception/ErrorResponse.java
/Users/mariomendonca/Desktop/dev/livelo/livelo_viagens/order-flight/src/main/java/br/com/livelo/orderflight/domain/dtos/shipment/ShipmentsDTO.java
/Users/mariomendonca/Desktop/dev/livelo/livelo_viagens/order-flight/src/main/java/br/com/livelo/orderflight/domain/dtos/payment/response/PaymentOptionDTO.java
/Users/mariomendonca/Desktop/dev/livelo/livelo_viagens/order-flight/src/main/java/br/com/livelo/orderflight/client/LiveloPartnersClient.java
/Users/mariomendonca/Desktop/dev/livelo/livelo_viagens/order-flight/src/main/java/br/com/livelo/orderflight/service/payment/impl/PaymentServiceImpl.java
/Users/mariomendonca/Desktop/dev/livelo/livelo_viagens/order-flight/src/main/java/br/com/livelo/orderflight/mappers/ReservationChangeRulesMapper.java
/Users/mariomendonca/Desktop/dev/livelo/livelo_viagens/order-flight/src/main/java/br/com/livelo/orderflight/domain/dtos/update/DepartureArrivalSummaryDTO.java
/Users/mariomendonca/Desktop/dev/livelo/livelo_viagens/order-flight/src/main/java/br/com/livelo/orderflight/domain/dto/reservation/request/ReservationRequest.java
/Users/mariomendonca/Desktop/dev/livelo/livelo_viagens/order-flight/src/main/java/br/com/livelo/orderflight/mappers/ConfirmOrderMapper.java
/Users/mariomendonca/Desktop/dev/livelo/livelo_viagens/order-flight/src/main/java/br/com/livelo/orderflight/domain/dtos/confirmation/response/ConfirmationOrderDocumentResponse.java
/Users/mariomendonca/Desktop/dev/livelo/livelo_viagens/order-flight/src/main/java/br/com/livelo/orderflight/listener/GetVoucherListener.java
/Users/mariomendonca/Desktop/dev/livelo/livelo_viagens/order-flight/src/main/java/br/com/livelo/orderflight/domain/dtos/confirmation/response/ConfirmOrderPriceResponse.java
/Users/mariomendonca/Desktop/dev/livelo/livelo_viagens/order-flight/src/main/java/br/com/livelo/orderflight/domain/dtos/update/DestinationDTO.java
/Users/mariomendonca/Desktop/dev/livelo/livelo_viagens/order-flight/src/main/java/br/com/livelo/orderflight/domain/dtos/confirmation/response/ConfirmationOrderChangeRulesResponse.java
/Users/mariomendonca/Desktop/dev/livelo/livelo_viagens/order-flight/src/main/java/br/com/livelo/orderflight/domain/dtos/repository/PaginationOrderProcessResponse.java
/Users/mariomendonca/Desktop/dev/livelo/livelo_viagens/order-flight/src/main/java/br/com/livelo/orderflight/service/voucher/VoucherService.java
/Users/mariomendonca/Desktop/dev/livelo/livelo_viagens/order-flight/src/main/java/br/com/livelo/orderflight/domain/dto/reservation/response/ReservationResponseItem.java
/Users/mariomendonca/Desktop/dev/livelo/livelo_viagens/order-flight/src/main/java/br/com/livelo/orderflight/mappers/ReservationCancellationRulesMapper.java
/Users/mariomendonca/Desktop/dev/livelo/livelo_viagens/order-flight/src/main/java/br/com/livelo/orderflight/domain/entity/OrderItemPriceEntity.java
/Users/mariomendonca/Desktop/dev/livelo/livelo_viagens/order-flight/src/main/java/br/com/livelo/orderflight/domain/entity/OrderPriceDescriptionEntity.java
/Users/mariomendonca/Desktop/dev/livelo/livelo_viagens/order-flight/src/main/java/br/com/livelo/orderflight/domain/dto/reservation/response/PartnerReservationChangeRule.java
/Users/mariomendonca/Desktop/dev/livelo/livelo_viagens/order-flight/src/main/java/br/com/livelo/orderflight/domain/entity/FlightLegEntity.java
/Users/mariomendonca/Desktop/dev/livelo/livelo_viagens/order-flight/src/main/java/br/com/livelo/orderflight/domain/dtos/pricing/request/PricingCalculateAirline.java
/Users/mariomendonca/Desktop/dev/livelo/livelo_viagens/order-flight/src/main/java/br/com/livelo/orderflight/service/reservation/ReservationService.java
/Users/mariomendonca/Desktop/dev/livelo/livelo_viagens/order-flight/src/main/java/br/com/livelo/orderflight/constants/PaymentOptionConstant.java
/Users/mariomendonca/Desktop/dev/livelo/livelo_viagens/order-flight/src/main/java/br/com/livelo/orderflight/domain/dtos/update/LegSummaryDTO.java
/Users/mariomendonca/Desktop/dev/livelo/livelo_viagens/order-flight/src/main/java/br/com/livelo/orderflight/controller/InstallmentController.java
/Users/mariomendonca/Desktop/dev/livelo/livelo_viagens/order-flight/src/main/java/br/com/livelo/orderflight/domain/dto/reservation/response/ReservationResponseLuggage.java
/Users/mariomendonca/Desktop/dev/livelo/livelo_viagens/order-flight/src/main/java/br/com/livelo/orderflight/mappers/PricingCalculateRequestMapper.java
/Users/mariomendonca/Desktop/dev/livelo/livelo_viagens/order-flight/src/main/java/br/com/livelo/orderflight/domain/dto/reservation/response/ReservationResponseTravelInfo.java
/Users/mariomendonca/Desktop/dev/livelo/livelo_viagens/order-flight/src/main/java/br/com/livelo/orderflight/domain/dtos/pricing/request/PricingCalculatePrice.java
/Users/mariomendonca/Desktop/dev/livelo/livelo_viagens/order-flight/src/main/java/br/com/livelo/orderflight/mappers/ReservationMapper.java
/Users/mariomendonca/Desktop/dev/livelo/livelo_viagens/order-flight/src/main/java/br/com/livelo/orderflight/domain/dtos/shipment/PackagesDTO.java
/Users/mariomendonca/Desktop/dev/livelo/livelo_viagens/order-flight/src/main/java/br/com/livelo/orderflight/mappers/ReservationFlightLegMapper.java
/Users/mariomendonca/Desktop/dev/livelo/livelo_viagens/order-flight/src/main/java/br/com/livelo/orderflight/domain/dtos/confirmation/request/ConfirmOrderItemRequest.java
/Users/mariomendonca/Desktop/dev/livelo/livelo_viagens/order-flight/src/main/java/br/com/livelo/orderflight/utils/MessageUtils.java
/Users/mariomendonca/Desktop/dev/livelo/livelo_viagens/order-flight/src/main/java/br/com/livelo/orderflight/domain/dtos/confirmation/request/ConfirmOrderPriceRequest.java
/Users/mariomendonca/Desktop/dev/livelo/livelo_viagens/order-flight/src/main/java/br/com/livelo/orderflight/utils/LogUtils.java
/Users/mariomendonca/Desktop/dev/livelo/livelo_viagens/order-flight/src/main/java/br/com/livelo/orderflight/domain/dtos/pricing/request/PricingCalculateManagedBy.java
/Users/mariomendonca/Desktop/dev/livelo/livelo_viagens/order-flight/src/main/java/br/com/livelo/orderflight/domain/dtos/confirmation/response/ConfirmOrderStatusResponse.java
/Users/mariomendonca/Desktop/dev/livelo/livelo_viagens/order-flight/src/main/java/br/com/livelo/orderflight/enuns/Flow.java
/Users/mariomendonca/Desktop/dev/livelo/livelo_viagens/order-flight/src/main/java/br/com/livelo/orderflight/service/installment/InstallmentService.java
/Users/mariomendonca/Desktop/dev/livelo/livelo_viagens/order-flight/src/main/java/br/com/livelo/orderflight/domain/entity/ChangeRuleEntity.java
/Users/mariomendonca/Desktop/dev/livelo/livelo_viagens/order-flight/src/main/java/br/com/livelo/orderflight/domain/dtos/confirmation/response/ConfirmOrderResponse.java
/Users/mariomendonca/Desktop/dev/livelo/livelo_viagens/order-flight/src/main/java/br/com/livelo/orderflight/domain/dto/reservation/response/PartnerReservationLuggage.java
/Users/mariomendonca/Desktop/dev/livelo/livelo_viagens/order-flight/src/main/java/br/com/livelo/orderflight/constants/SkuConstant.java
/Users/mariomendonca/Desktop/dev/livelo/livelo_viagens/order-flight/src/main/java/br/com/livelo/orderflight/domain/entity/BaseEntity.java
/Users/mariomendonca/Desktop/dev/livelo/livelo_viagens/order-flight/src/main/java/br/com/livelo/orderflight/domain/dtos/connector/response/ConnectorConfirmOrderResponse.java
/Users/mariomendonca/Desktop/dev/livelo/livelo_viagens/order-flight/src/main/java/br/com/livelo/orderflight/domain/dtos/update/OriginDTO.java
/Users/mariomendonca/Desktop/dev/livelo/livelo_viagens/order-flight/src/main/java/br/com/livelo/orderflight/domain/dto/reservation/response/ReservationResponseCancellationRule.java
/Users/mariomendonca/Desktop/dev/livelo/livelo_viagens/order-flight/src/main/java/br/com/livelo/orderflight/exception/OrderFlightException.java
/Users/mariomendonca/Desktop/dev/livelo/livelo_viagens/order-flight/src/main/java/br/com/livelo/orderflight/mappers/ReservationOrderPriceDescriptionTaxesMapper.java
/Users/mariomendonca/Desktop/dev/livelo/livelo_viagens/order-flight/src/main/java/br/com/livelo/orderflight/domain/dtos/pricing/request/PricingCalculateFlight.java
/Users/mariomendonca/Desktop/dev/livelo/livelo_viagens/order-flight/src/main/java/br/com/livelo/orderflight/controller/OrderProcessController.java
/Users/mariomendonca/Desktop/dev/livelo/livelo_viagens/order-flight/src/main/java/br/com/livelo/orderflight/domain/dto/reservation/response/ReservationResponsePax.java
/Users/mariomendonca/Desktop/dev/livelo/livelo_viagens/order-flight/src/main/java/br/com/livelo/orderflight/domain/dtos/update/Phone.java
/Users/mariomendonca/Desktop/dev/livelo/livelo_viagens/order-flight/src/main/java/br/com/livelo/orderflight/enuns/StatusLivelo.java
/Users/mariomendonca/Desktop/dev/livelo/livelo_viagens/order-flight/src/main/java/br/com/livelo/orderflight/mappers/ReservationItemPriceMapper.java
/Users/mariomendonca/Desktop/dev/livelo/livelo_viagens/order-flight/src/main/java/br/com/livelo/orderflight/domain/dto/reservation/response/ReservationResponseDocument.java
/Users/mariomendonca/Desktop/dev/livelo/livelo_viagens/order-flight/src/main/java/br/com/livelo/orderflight/mappers/ReservationOrderPriceDescriptionMapper.java
/Users/mariomendonca/Desktop/dev/livelo/livelo_viagens/order-flight/src/main/java/br/com/livelo/orderflight/domain/dtos/update/CustomerDTO.java
/Users/mariomendonca/Desktop/dev/livelo/livelo_viagens/order-flight/src/main/java/br/com/livelo/orderflight/exception/handler/RestExceptionHandler.java
/Users/mariomendonca/Desktop/dev/livelo/livelo_viagens/order-flight/src/main/java/br/com/livelo/orderflight/domain/dtos/pricing/response/PricingCalculatePrice.java
/Users/mariomendonca/Desktop/dev/livelo/livelo_viagens/order-flight/src/main/java/br/com/livelo/orderflight/controller/OrderStatusController.java
/Users/mariomendonca/Desktop/dev/livelo/livelo_viagens/order-flight/src/main/java/br/com/livelo/orderflight/domain/dtos/pricing/request/PricingCalculateLuggage.java
/Users/mariomendonca/Desktop/dev/livelo/livelo_viagens/order-flight/src/main/java/br/com/livelo/orderflight/utils/OrderItemUtils.java
/Users/mariomendonca/Desktop/dev/livelo/livelo_viagens/order-flight/src/main/java/br/com/livelo/orderflight/controller/PaymentController.java
/Users/mariomendonca/Desktop/dev/livelo/livelo_viagens/order-flight/src/main/java/br/com/livelo/orderflight/domain/dtos/connector/response/ConnectorConfirmOrderStatusResponse.java
/Users/mariomendonca/Desktop/dev/livelo/livelo_viagens/order-flight/src/main/java/br/com/livelo/orderflight/domain/dtos/status/request/UpdateStatusDTO.java
/Users/mariomendonca/Desktop/dev/livelo/livelo_viagens/order-flight/src/main/java/br/com/livelo/orderflight/domain/dtos/update/UpdateOrderDTO.java
/Users/mariomendonca/Desktop/dev/livelo/livelo_viagens/order-flight/src/main/java/br/com/livelo/orderflight/mappers/StatusMapper.java
/Users/mariomendonca/Desktop/dev/livelo/livelo_viagens/order-flight/src/main/java/br/com/livelo/orderflight/constants/MessagesConstants.java
/Users/mariomendonca/Desktop/dev/livelo/livelo_viagens/order-flight/src/main/java/br/com/livelo/orderflight/domain/dtos/confirmation/response/ConfirmationOrderLuggagesResponse.java
/Users/mariomendonca/Desktop/dev/livelo/livelo_viagens/order-flight/src/main/java/br/com/livelo/orderflight/domain/dtos/update/StatusDTO.java
/Users/mariomendonca/Desktop/dev/livelo/livelo_viagens/order-flight/src/main/java/br/com/livelo/orderflight/domain/entity/SegmentEntity.java
/Users/mariomendonca/Desktop/dev/livelo/livelo_viagens/order-flight/src/main/java/br/com/livelo/orderflight/domain/dtos/confirmation/response/ConfirmationOrderFlightsLegsResponse.java
/Users/mariomendonca/Desktop/dev/livelo/livelo_viagens/order-flight/src/main/java/br/com/livelo/orderflight/domain/dto/reservation/response/PartnerReservationAirline.java
/Users/mariomendonca/Desktop/dev/livelo/livelo_viagens/order-flight/src/main/java/br/com/livelo/orderflight/controller/SkuController.java
/Users/mariomendonca/Desktop/dev/livelo/livelo_viagens/order-flight/src/main/java/br/com/livelo/orderflight/domain/dtos/update/GlobalDistribuitionSystemDTO.java
/Users/mariomendonca/Desktop/dev/livelo/livelo_viagens/order-flight/src/main/java/br/com/livelo/orderflight/domain/dto/reservation/request/PartnerReservationRequest.java
/Users/mariomendonca/Desktop/dev/livelo/livelo_viagens/order-flight/src/main/java/br/com/livelo/orderflight/constants/HeadersConstants.java
/Users/mariomendonca/Desktop/dev/livelo/livelo_viagens/order-flight/src/main/java/br/com/livelo/orderflight/domain/dtos/pricing/request/PricingCalculateFlightsLeg.java
/Users/mariomendonca/Desktop/dev/livelo/livelo_viagens/order-flight/src/main/java/br/com/livelo/orderflight/domain/dtos/update/DocumentDTO.java
/Users/mariomendonca/Desktop/dev/livelo/livelo_viagens/order-flight/src/main/java/br/com/livelo/orderflight/domain/entity/PriceModalityEntity.java
/Users/mariomendonca/Desktop/dev/livelo/livelo_viagens/order-flight/src/main/java/br/com/livelo/orderflight/domain/dtos/confirmation/response/ConfirmationOrderPaxResponse.java
/Users/mariomendonca/Desktop/dev/livelo/livelo_viagens/order-flight/src/main/java/br/com/livelo/orderflight/domain/dto/reservation/request/PartnerReservationPax.java
/Users/mariomendonca/Desktop/dev/livelo/livelo_viagens/order-flight/src/main/java/br/com/livelo/orderflight/service/order/OrderService.java
/Users/mariomendonca/Desktop/dev/livelo/livelo_viagens/order-flight/src/main/java/br/com/livelo/orderflight/domain/dto/reservation/request/ReservationItem.java
/Users/mariomendonca/Desktop/dev/livelo/livelo_viagens/order-flight/src/main/java/br/com/livelo/orderflight/domain/dto/reservation/response/PartnerReservationOrdersPriceDescriptionTaxes.java
/Users/mariomendonca/Desktop/dev/livelo/livelo_viagens/order-flight/src/main/java/br/com/livelo/orderflight/domain/entity/LuggageEntity.java
/Users/mariomendonca/Desktop/dev/livelo/livelo_viagens/order-flight/src/main/java/br/com/livelo/orderflight/mappers/ReservationTravelInfoEntityMapper.java
/Users/mariomendonca/Desktop/dev/livelo/livelo_viagens/order-flight/src/main/java/br/com/livelo/orderflight/domain/dtos/confirmation/response/ConfirmationOrderTravelInfoResponse.java
/Users/mariomendonca/Desktop/dev/livelo/livelo_viagens/order-flight/src/main/java/br/com/livelo/orderflight/service/shipment/impl/ShipmentServiceImpl.java
/Users/mariomendonca/Desktop/dev/livelo/livelo_viagens/order-flight/src/main/java/br/com/livelo/orderflight/domain/dto/reservation/request/ReservationDocument.java
/Users/mariomendonca/Desktop/dev/livelo/livelo_viagens/order-flight/src/main/java/br/com/livelo/orderflight/domain/dto/reservation/response/ReservationResponsePriceModality.java
/Users/mariomendonca/Desktop/dev/livelo/livelo_viagens/order-flight/src/main/java/br/com/livelo/orderflight/listener/GetCompletedListener.java
/Users/mariomendonca/Desktop/dev/livelo/livelo_viagens/order-flight/src/main/java/br/com/livelo/orderflight/domain/dtos/update/CountryDTO.java
/Users/mariomendonca/Desktop/dev/livelo/livelo_viagens/order-flight/src/main/java/br/com/livelo/orderflight/domain/dto/reservation/response/PartnerReservationCancellationRule.java
/Users/mariomendonca/Desktop/dev/livelo/livelo_viagens/order-flight/src/main/java/br/com/livelo/orderflight/mappers/ReservationPriceMapper.java
/Users/mariomendonca/Desktop/dev/livelo/livelo_viagens/order-flight/src/main/java/br/com/livelo/orderflight/constants/DynatraceConstants.java
/Users/mariomendonca/Desktop/dev/livelo/livelo_viagens/order-flight/src/main/java/br/com/livelo/orderflight/service/completed/CompletedService.java
/Users/mariomendonca/Desktop/dev/livelo/livelo_viagens/order-flight/src/main/java/br/com/livelo/orderflight/service/voucher/impl/VoucherServiceImpl.java
/Users/mariomendonca/Desktop/dev/livelo/livelo_viagens/order-flight/src/main/java/br/com/livelo/orderflight/mappers/LiveloPartnersMapper.java
/Users/mariomendonca/Desktop/dev/livelo/livelo_viagens/order-flight/src/main/java/br/com/livelo/orderflight/domain/dto/reservation/response/PartnerReservationSegment.java
/Users/mariomendonca/Desktop/dev/livelo/livelo_viagens/order-flight/src/main/java/br/com/livelo/orderflight/domain/entity/OrderCurrentStatusEntity.java
/Users/mariomendonca/Desktop/dev/livelo/livelo_viagens/order-flight/src/main/java/br/com/livelo/orderflight/domain/dtos/update/StateDTO.java
/Users/mariomendonca/Desktop/dev/livelo/livelo_viagens/order-flight/src/main/java/br/com/livelo/orderflight/controller/ShipmentController.java
/Users/mariomendonca/Desktop/dev/livelo/livelo_viagens/order-flight/src/main/java/br/com/livelo/orderflight/domain/dtos/confirmation/request/ConfirmOrderRequest.java
/Users/mariomendonca/Desktop/dev/livelo/livelo_viagens/order-flight/src/main/java/br/com/livelo/orderflight/domain/dtos/pricing/request/PricingCalculateCancellationRule.java
/Users/mariomendonca/Desktop/dev/livelo/livelo_viagens/order-flight/src/main/java/br/com/livelo/orderflight/proxies/PricingProxy.java
/Users/mariomendonca/Desktop/dev/livelo/livelo_viagens/order-flight/src/main/java/br/com/livelo/orderflight/domain/dtos/confirmation/response/ConfirmationOrderCancaletionRulesResponse.java
/Users/mariomendonca/Desktop/dev/livelo/livelo_viagens/order-flight/src/main/java/br/com/livelo/orderflight/domain/dto/reservation/request/ReservationPax.java
/Users/mariomendonca/Desktop/dev/livelo/livelo_viagens/order-flight/src/main/java/br/com/livelo/orderflight/domain/dtos/update/TourDTO.java
/Users/mariomendonca/Desktop/dev/livelo/livelo_viagens/order-flight/src/main/java/br/com/livelo/orderflight/domain/dtos/connector/request/ConnectorConfirmDocumentRequest.java
/Users/mariomendonca/Desktop/dev/livelo/livelo_viagens/order-flight/src/main/java/br/com/livelo/orderflight/domain/dtos/update/DeliveryDTO.java
/Users/mariomendonca/Desktop/dev/livelo/livelo_viagens/order-flight/src/main/java/br/com/livelo/orderflight/domain/dto/reservation/response/ReservationResponseFlightLeg.java
/Users/mariomendonca/Desktop/dev/livelo/livelo_viagens/order-flight/src/main/java/br/com/livelo/orderflight/domain/dtos/update/ArrivalDTO.java
/Users/mariomendonca/Desktop/dev/livelo/livelo_viagens/order-flight/src/main/java/br/com/livelo/orderflight/repository/ItemRepository.java
/Users/mariomendonca/Desktop/dev/livelo/livelo_viagens/order-flight/src/main/java/br/com/livelo/orderflight/domain/dtos/connector/request/ConnectorConfirmOrderPaxRequest.java
/Users/mariomendonca/Desktop/dev/livelo/livelo_viagens/order-flight/src/main/java/br/com/livelo/orderflight/domain/entity/OrderStatusHistoryEntity.java
/Users/mariomendonca/Desktop/dev/livelo/livelo_viagens/order-flight/src/main/java/br/com/livelo/orderflight/domain/entity/OrderItemEntity.java
/Users/mariomendonca/Desktop/dev/livelo/livelo_viagens/order-flight/src/main/java/br/com/livelo/orderflight/domain/dtos/update/TravelSummaryDTO.java
/Users/mariomendonca/Desktop/dev/livelo/livelo_viagens/order-flight/src/main/java/br/com/livelo/orderflight/mappers/ReservationSegmentsMapper.java
/Users/mariomendonca/Desktop/dev/livelo/livelo_viagens/order-flight/src/main/java/br/com/livelo/orderflight/domain/dtos/pricing/request/PricingCalculateTaxes.java
/Users/mariomendonca/Desktop/dev/livelo/livelo_viagens/order-flight/src/main/java/br/com/livelo/orderflight/utils/PayloadComparison.java
/Users/mariomendonca/Desktop/dev/livelo/livelo_viagens/order-flight/src/main/java/br/com/livelo/orderflight/domain/dtos/sku/SkuItemResponse.java
/Users/mariomendonca/Desktop/dev/livelo/livelo_viagens/order-flight/src/main/java/br/com/livelo/orderflight/enuns/CountStatusLivelo.java
/Users/mariomendonca/Desktop/dev/livelo/livelo_viagens/order-flight/src/main/java/br/com/livelo/orderflight/service/status/impl/StatusServiceImpl.java
/Users/mariomendonca/Desktop/dev/livelo/livelo_viagens/order-flight/src/main/java/br/com/livelo/orderflight/domain/dtos/shipment/CommerceItem.java
/Users/mariomendonca/Desktop/dev/livelo/livelo_viagens/order-flight/src/main/java/br/com/livelo/orderflight/domain/dtos/repository/OrderProcess.java
/Users/mariomendonca/Desktop/dev/livelo/livelo_viagens/order-flight/src/main/java/br/com/livelo/orderflight/domain/dtos/update/CancellationPolicyDTO.java
/Users/mariomendonca/Desktop/dev/livelo/livelo_viagens/order-flight/src/main/java/br/com/livelo/orderflight/domain/dto/reservation/response/PartnerReservationOrdersPriceDescription.java
/Users/mariomendonca/Desktop/dev/livelo/livelo_viagens/order-flight/src/main/java/br/com/livelo/orderflight/domain/dtos/headers/RequiredHeaders.java
/Users/mariomendonca/Desktop/dev/livelo/livelo_viagens/order-flight/src/main/java/br/com/livelo/orderflight/service/installment/impl/InstallmentServiceImpl.java
/Users/mariomendonca/Desktop/dev/livelo/livelo_viagens/order-flight/src/main/java/br/com/livelo/orderflight/constants/AppConstants.java
/Users/mariomendonca/Desktop/dev/livelo/livelo_viagens/order-flight/src/main/java/br/com/livelo/orderflight/domain/dto/reservation/response/PartnerReservationItem.java
/Users/mariomendonca/Desktop/dev/livelo/livelo_viagens/order-flight/src/main/java/br/com/livelo/orderflight/domain/dtos/installment/InstallmentOptionsResponse.java
/Users/mariomendonca/Desktop/dev/livelo/livelo_viagens/order-flight/src/main/java/br/com/livelo/orderflight/service/confirmation/ConfirmationService.java
/Users/mariomendonca/Desktop/dev/livelo/livelo_viagens/order-flight/src/main/java/br/com/livelo/orderflight/domain/dto/reservation/response/ReservationResponseSegment.java
/Users/mariomendonca/Desktop/dev/livelo/livelo_viagens/order-flight/src/main/java/br/com/livelo/orderflight/service/sku/SkuService.java
/Users/mariomendonca/Desktop/dev/livelo/livelo_viagens/order-flight/src/main/java/br/com/livelo/orderflight/domain/dto/reservation/response/PartnerReservationResponse.java
/Users/mariomendonca/Desktop/dev/livelo/livelo_viagens/order-flight/src/main/java/br/com/livelo/orderflight/domain/dto/reservation/response/PartnerResponseStatus.java
/Users/mariomendonca/Desktop/dev/livelo/livelo_viagens/order-flight/src/main/java/br/com/livelo/orderflight/domain/dtos/update/ServiceDTO.java
/Users/mariomendonca/Desktop/dev/livelo/livelo_viagens/order-flight/src/main/java/br/com/livelo/orderflight/domain/dtos/pricing/response/PricingCalculateTaxes.java
/Users/mariomendonca/Desktop/dev/livelo/livelo_viagens/order-flight/src/main/java/br/com/livelo/orderflight/domain/dtos/payment/response/PaymentOptionResponse.java
/Users/mariomendonca/Desktop/dev/livelo/livelo_viagens/order-flight/src/main/java/br/com/livelo/orderflight/domain/dtos/pricing/response/PricingCalculateFlight.java
/Users/mariomendonca/Desktop/dev/livelo/livelo_viagens/order-flight/src/main/java/br/com/livelo/orderflight/domain/dtos/confirmation/response/ConfirmationOrderSegmentsResponse.java
/Users/mariomendonca/Desktop/dev/livelo/livelo_viagens/order-flight/src/main/java/br/com/livelo/orderflight/client/PricingClient.java
/Users/mariomendonca/Desktop/dev/livelo/livelo_viagens/order-flight/src/main/java/br/com/livelo/orderflight/proxies/LiveloPartnersProxy.java
/Users/mariomendonca/Desktop/dev/livelo/livelo_viagens/order-flight/src/main/java/br/com/livelo/orderflight/domain/dto/reservation/response/PartnerReservationFlightLegAirline.java
/Users/mariomendonca/Desktop/dev/livelo/livelo_viagens/order-flight/src/main/java/br/com/livelo/orderflight/exception/ConnectorReservationInternalException.java
/Users/mariomendonca/Desktop/dev/livelo/livelo_viagens/order-flight/src/main/java/br/com/livelo/orderflight/domain/entity/DocumentEntity.java
/Users/mariomendonca/Desktop/dev/livelo/livelo_viagens/order-flight/src/main/java/br/com/livelo/orderflight/domain/dtos/pricing/request/PricingCalculateTravelInfo.java
/Users/mariomendonca/Desktop/dev/livelo/livelo_viagens/order-flight/src/main/java/br/com/livelo/orderflight/domain/entity/ProcessCounterEntity.java
/Users/mariomendonca/Desktop/dev/livelo/livelo_viagens/order-flight/src/main/java/br/com/livelo/orderflight/domain/dtos/pricing/request/PricingCalculateItem.java
/Users/mariomendonca/Desktop/dev/livelo/livelo_viagens/order-flight/src/main/java/br/com/livelo/orderflight/client/PartnerConnectorClient.java
/Users/mariomendonca/Desktop/dev/livelo/livelo_viagens/order-flight/src/main/java/br/com/livelo/orderflight/domain/dto/reservation/response/ReservationResponse.java
/Users/mariomendonca/Desktop/dev/livelo/livelo_viagens/order-flight/src/main/java/br/com/livelo/orderflight/domain/dtos/status/request/UpdateStatusRequest.java
/Users/mariomendonca/Desktop/dev/livelo/livelo_viagens/order-flight/src/main/java/br/com/livelo/orderflight/domain/dtos/pricing/response/PricingCalculatePricesDescription.java
/Users/mariomendonca/Desktop/dev/livelo/livelo_viagens/order-flight/src/main/java/br/com/livelo/orderflight/domain/dtos/pricing/request/PricingCalculatePricesDescription.java
/Users/mariomendonca/Desktop/dev/livelo/livelo_viagens/order-flight/src/main/java/br/com/livelo/orderflight/service/payment/PaymentService.java
/Users/mariomendonca/Desktop/dev/livelo/livelo_viagens/order-flight/src/main/java/br/com/livelo/orderflight/listener/GetConfirmationListener.java
/Users/mariomendonca/Desktop/dev/livelo/livelo_viagens/order-flight/src/main/java/br/com/livelo/orderflight/domain/dtos/update/PartnerInfoSummaryDTO.java
/Users/mariomendonca/Desktop/dev/livelo/livelo_viagens/order-flight/src/main/java/br/com/livelo/orderflight/domain/dtos/update/ZoneDTO.java
/Users/mariomendonca/Desktop/dev/livelo/livelo_viagens/order-flight/src/main/java/br/com/livelo/orderflight/config/GetVoucherMQConfig.java
/Users/mariomendonca/Desktop/dev/livelo/livelo_viagens/order-flight/src/main/java/br/com/livelo/orderflight/domain/dtos/update/FlightSummaryDTO.java
/Users/mariomendonca/Desktop/dev/livelo/livelo_viagens/order-flight/src/main/java/br/com/livelo/orderflight/service/status/StatusService.java
/Users/mariomendonca/Desktop/dev/livelo/livelo_viagens/order-flight/src/main/java/br/com/livelo/orderflight/service/order/impl/OrderServiceImpl.java
/Users/mariomendonca/Desktop/dev/livelo/livelo_viagens/order-flight/src/main/java/br/com/livelo/orderflight/domain/dtos/pricing/request/PricingCalculateOperatedBy.java
/Users/mariomendonca/Desktop/dev/livelo/livelo_viagens/order-flight/src/main/java/br/com/livelo/orderflight/domain/dto/reservation/request/PartnerReservationItem.java
/Users/mariomendonca/Desktop/dev/livelo/livelo_viagens/order-flight/src/main/java/br/com/livelo/orderflight/controller/ReservationController.java
/Users/mariomendonca/Desktop/dev/livelo/livelo_viagens/order-flight/src/main/java/br/com/livelo/orderflight/OrderFlightApplication.java
/Users/mariomendonca/Desktop/dev/livelo/livelo_viagens/order-flight/src/main/java/br/com/livelo/orderflight/utils/StringPrefixedSequenceIdGenerator.java
/Users/mariomendonca/Desktop/dev/livelo/livelo_viagens/order-flight/src/main/java/br/com/livelo/orderflight/controller/InternalOrdersController.java
/Users/mariomendonca/Desktop/dev/livelo/livelo_viagens/order-flight/src/main/java/br/com/livelo/orderflight/domain/entity/PaxEntity.java
/Users/mariomendonca/Desktop/dev/livelo/livelo_viagens/order-flight/src/main/java/br/com/livelo/orderflight/domain/entity/OrderPriceEntity.java
/Users/mariomendonca/Desktop/dev/livelo/livelo_viagens/order-flight/src/main/java/br/com/livelo/orderflight/domain/dtos/update/ItemDocumentDTO.java
/Users/mariomendonca/Desktop/dev/livelo/livelo_viagens/order-flight/src/main/java/br/com/livelo/orderflight/service/shipment/ShipmentService.java
/Users/mariomendonca/Desktop/dev/livelo/livelo_viagens/order-flight/src/main/java/br/com/livelo/orderflight/mappers/ReservationLuggagesMapper.java
/Users/mariomendonca/Desktop/dev/livelo/livelo_viagens/order-flight/src/main/java/br/com/livelo/orderflight/domain/dtos/confirmation/response/ConfirmOrderItemResponse.java
/Users/mariomendonca/Desktop/dev/livelo/livelo_viagens/order-flight/src/main/java/br/com/livelo/orderflight/service/completed/impl/CompletedServiceImpl.java
/Users/mariomendonca/Desktop/dev/livelo/livelo_viagens/order-flight/src/main/java/br/com/livelo/orderflight/domain/dto/reservation/response/PartnerReservationTravelInfo.java
/Users/mariomendonca/Desktop/dev/livelo/livelo_viagens/order-flight/src/main/java/br/com/livelo/orderflight/constants/ErrorCategoryConstants.java
/Users/mariomendonca/Desktop/dev/livelo/livelo_viagens/order-flight/src/main/java/br/com/livelo/orderflight/domain/dto/reservation/response/PartnerReservationFlightsLeg.java
/Users/mariomendonca/Desktop/dev/livelo/livelo_viagens/order-flight/src/main/java/br/com/livelo/orderflight/domain/dtos/shipment/ShipmentOptionsResponse.java
/Users/mariomendonca/Desktop/dev/livelo/livelo_viagens/order-flight/src/main/java/br/com/livelo/orderflight/domain/dtos/connector/request/ConnectorConfirmOrderRequest.java
