/Users/mariomendonca/Desktop/dev/livelo/livelo_viagens/order-flight/src/test/java/br/com/livelo/orderflight/domain/dto/ReservationResponseFlightLegTest.java
/Users/mariomendonca/Desktop/dev/livelo/livelo_viagens/order-flight/src/test/java/br/com/livelo/orderflight/service/shipment/ShipmentServiceImplTest.java
/Users/mariomendonca/Desktop/dev/livelo/livelo_viagens/order-flight/src/test/java/br/com/livelo/orderflight/mock/MockBuilder.java
/Users/mariomendonca/Desktop/dev/livelo/livelo_viagens/order-flight/src/test/java/br/com/livelo/orderflight/client/PartnerConnectorClientTest.java
/Users/mariomendonca/Desktop/dev/livelo/livelo_viagens/order-flight/src/test/java/br/com/livelo/orderflight/listener/GetConfirmationListenerTest.java
/Users/mariomendonca/Desktop/dev/livelo/livelo_viagens/order-flight/src/test/java/br/com/livelo/orderflight/utils/OrderItemUtilsTest.java
/Users/mariomendonca/Desktop/dev/livelo/livelo_viagens/order-flight/src/test/java/br/com/livelo/orderflight/mappers/ReservationStatusMapperTest.java
/Users/mariomendonca/Desktop/dev/livelo/livelo_viagens/order-flight/src/test/java/br/com/livelo/orderflight/service/installment/InstallmentServiceImplTest.java
/Users/mariomendonca/Desktop/dev/livelo/livelo_viagens/order-flight/src/test/java/br/com/livelo/orderflight/service/reservation/ReservationServiceTest.java
/Users/mariomendonca/Desktop/dev/livelo/livelo_viagens/order-flight/src/test/java/br/com/livelo/orderflight/controller/SkuControllerTest.java
/Users/mariomendonca/Desktop/dev/livelo/livelo_viagens/order-flight/src/test/java/br/com/livelo/orderflight/proxies/PricingProxyTest.java
/Users/mariomendonca/Desktop/dev/livelo/livelo_viagens/order-flight/src/test/java/br/com/livelo/orderflight/client/PricingClientTest.java
/Users/mariomendonca/Desktop/dev/livelo/livelo_viagens/order-flight/src/test/java/br/com/livelo/orderflight/controller/OrderProcessControllerTest.java
/Users/mariomendonca/Desktop/dev/livelo/livelo_viagens/order-flight/src/test/java/br/com/livelo/orderflight/domain/dto/ReservationResponsePriceDescriptionTest.java
/Users/mariomendonca/Desktop/dev/livelo/livelo_viagens/order-flight/src/test/java/br/com/livelo/orderflight/controller/ConfirmationControllerTest.java
/Users/mariomendonca/Desktop/dev/livelo/livelo_viagens/order-flight/src/test/java/br/com/livelo/orderflight/service/sku/SkuServiceImplTest.java
/Users/mariomendonca/Desktop/dev/livelo/livelo_viagens/order-flight/src/test/java/br/com/livelo/orderflight/service/confirmation/ConfirmationServiceImplTest.java
/Users/mariomendonca/Desktop/dev/livelo/livelo_viagens/order-flight/src/test/java/br/com/livelo/orderflight/domain/dto/ReservationResponseChangeRuleTest.java
/Users/mariomendonca/Desktop/dev/livelo/livelo_viagens/order-flight/src/test/java/br/com/livelo/orderflight/controller/ShipmentControllerTest.java
/Users/mariomendonca/Desktop/dev/livelo/livelo_viagens/order-flight/src/test/java/br/com/livelo/orderflight/service/order/OrderServiceTest.java
/Users/mariomendonca/Desktop/dev/livelo/livelo_viagens/order-flight/src/test/java/br/com/livelo/orderflight/controller/InternalOrdersControllerTest.java
/Users/mariomendonca/Desktop/dev/livelo/livelo_viagens/order-flight/src/test/java/br/com/livelo/orderflight/mappers/OrderProcessMapperTest.java
/Users/mariomendonca/Desktop/dev/livelo/livelo_viagens/order-flight/src/test/java/br/com/livelo/orderflight/domain/dto/ReservationResponseTravelInfoTest.java
/Users/mariomendonca/Desktop/dev/livelo/livelo_viagens/order-flight/src/test/java/br/com/livelo/orderflight/proxies/ConnectorPartnersProxyTest.java
/Users/mariomendonca/Desktop/dev/livelo/livelo_viagens/order-flight/src/test/java/br/com/livelo/orderflight/mappers/ReservationMapperTest.java
/Users/mariomendonca/Desktop/dev/livelo/livelo_viagens/order-flight/src/test/java/br/com/livelo/orderflight/proxies/LiveloPartnersProxyTest.java
/Users/mariomendonca/Desktop/dev/livelo/livelo_viagens/order-flight/src/test/java/br/com/livelo/orderflight/domain/dtos/headers/RequiredHeadersTest.java
/Users/mariomendonca/Desktop/dev/livelo/livelo_viagens/order-flight/src/test/java/br/com/livelo/orderflight/domain/dto/ReservationResponsePaxTest.java
/Users/mariomendonca/Desktop/dev/livelo/livelo_viagens/order-flight/src/test/java/br/com/livelo/orderflight/exception/handler/RestExceptionHandlerTest.java
/Users/mariomendonca/Desktop/dev/livelo/livelo_viagens/order-flight/src/test/java/br/com/livelo/orderflight/utils/PayloadComparisonTest.java
/Users/mariomendonca/Desktop/dev/livelo/livelo_viagens/order-flight/src/test/java/br/com/livelo/orderflight/domain/dto/ReservationResponseLuggageTest.java
/Users/mariomendonca/Desktop/dev/livelo/livelo_viagens/order-flight/src/test/java/br/com/livelo/orderflight/controller/InstallmentControllerTest.java
/Users/mariomendonca/Desktop/dev/livelo/livelo_viagens/order-flight/src/test/java/br/com/livelo/orderflight/mappers/ConfirmOrderMapperTest.java
/Users/mariomendonca/Desktop/dev/livelo/livelo_viagens/order-flight/src/test/java/br/com/livelo/orderflight/utils/StringPrefixedSequenceIdGeneratorTest.java
/Users/mariomendonca/Desktop/dev/livelo/livelo_viagens/order-flight/src/test/java/br/com/livelo/orderflight/mappers/LiveloPartnersMapperTest.java
/Users/mariomendonca/Desktop/dev/livelo/livelo_viagens/order-flight/src/test/java/br/com/livelo/orderflight/mappers/ReservationTravelInfoEntityMapperTest.java
/Users/mariomendonca/Desktop/dev/livelo/livelo_viagens/order-flight/src/test/java/br/com/livelo/orderflight/domain/dto/ReservationResponseSegmentTest.java
/Users/mariomendonca/Desktop/dev/livelo/livelo_viagens/order-flight/src/test/java/br/com/livelo/orderflight/service/voucher/VoucherServiceImplTest.java
/Users/mariomendonca/Desktop/dev/livelo/livelo_viagens/order-flight/src/test/java/br/com/livelo/orderflight/domain/dto/ReservationResponseCancellationRuleTest.java
/Users/mariomendonca/Desktop/dev/livelo/livelo_viagens/order-flight/src/test/java/br/com/livelo/orderflight/domain/entity/OrderEntityTest.java
/Users/mariomendonca/Desktop/dev/livelo/livelo_viagens/order-flight/src/test/java/br/com/livelo/orderflight/listener/GetVoucherListenerTest.java
/Users/mariomendonca/Desktop/dev/livelo/livelo_viagens/order-flight/src/test/java/br/com/livelo/orderflight/mappers/ReservationPriceMapperTest.java
/Users/mariomendonca/Desktop/dev/livelo/livelo_viagens/order-flight/src/test/java/br/com/livelo/orderflight/service/completed/CompletedServiceImplTest.java
/Users/mariomendonca/Desktop/dev/livelo/livelo_viagens/order-flight/src/test/java/br/com/livelo/orderflight/mappers/ReservationItemMapperTest.java
/Users/mariomendonca/Desktop/dev/livelo/livelo_viagens/order-flight/src/test/java/br/com/livelo/orderflight/domain/dto/ReservationResponseDocumentTest.java
/Users/mariomendonca/Desktop/dev/livelo/livelo_viagens/order-flight/src/test/java/br/com/livelo/orderflight/service/payment/PaymentServiceImplTest.java
/Users/mariomendonca/Desktop/dev/livelo/livelo_viagens/order-flight/src/test/java/br/com/livelo/orderflight/service/status/StatusServiceImplTest.java
/Users/mariomendonca/Desktop/dev/livelo/livelo_viagens/order-flight/src/test/java/br/com/livelo/orderflight/listener/GetCompletedListenerTest.java
/Users/mariomendonca/Desktop/dev/livelo/livelo_viagens/order-flight/src/test/java/br/com/livelo/orderflight/controller/PaymentControllerTest.java
/Users/mariomendonca/Desktop/dev/livelo/livelo_viagens/order-flight/src/test/java/br/com/livelo/orderflight/interceptors/HttpRequestInterceptorTest.java
/Users/mariomendonca/Desktop/dev/livelo/livelo_viagens/order-flight/src/test/java/br/com/livelo/orderflight/mappers/ReservationSegmentsMapperTest.java
/Users/mariomendonca/Desktop/dev/livelo/livelo_viagens/order-flight/src/test/java/br/com/livelo/orderflight/controller/ReservationControllerTest.java
/Users/mariomendonca/Desktop/dev/livelo/livelo_viagens/order-flight/src/test/java/br/com/livelo/orderflight/controller/OrderStatusControllerTest.java
